---
version: 1
interactions:
  # Environments ConfigMap
- request:
    body: ""
    form: {}
    headers:
      Content-Type:
      - application/json
    url: http://api.myCluster/api/v1/namespaces/myNamespace/configmaps/fabric8-environments
    method: GET
  response:
    body: |
        {
            "apiVersion": "v1",
            "data": {
                "run": "name: Run\nnamespace: my-run\norder: 2",
                "stage": "name: Stage\nnamespace: my-stage\norder: 1",
                "test": "name: Test\nnamespace: myNamespace\norder: 0"
            },
            "kind": "ConfigMap",
            "metadata": {
                "annotations": {
                    "description": "Defines the environments used by your Continuous Delivery pipelines.",
                    "fabric8.console/iconUrl": "https://cdn.rawgit.com/fabric8io/fabric8-console/master/app-kubernetes/src/main/fabric8/icon.svg",
                    "kubectl.kubernetes.io/last-applied-configuration": "{\"apiVersion\":\"v1\",\"data\":{\"run\":\"name: Run\\nnamespace: my-run\\norder: 2\",\"stage\":\"name: Stage\\nnamespace: my-stage\\norder: 1\",\"test\":\"name: Test\\nnamespace: myNamespace\\norder: 0\"},\"kind\":\"ConfigMap\",\"metadata\":{\"annotations\":{\"description\":\"Defines the environments used by your Continuous Delivery pipelines.\",\"fabric8.console/iconUrl\":\"https://cdn.rawgit.com/fabric8io/fabric8-console/master/app-kubernetes/src/main/fabric8/icon.svg\"},\"labels\":{\"app\":\"fabric8-tenant-team\",\"group\":\"io.fabric8.tenant.packages\",\"kind\":\"environments\",\"provider\":\"fabric8\",\"version\":\"2.0.11\"},\"name\":\"fabric8-environments\",\"namespace\":\"myNamespace\"}}\n"
                },
                "creationTimestamp": "2018-02-26T18:00:45Z",
                "labels": {
                    "app": "fabric8-tenant-team",
                    "group": "io.fabric8.tenant.packages",
                    "kind": "environments",
                    "provider": "fabric8",
                    "version": "2.0.11"
                },
                "name": "fabric8-environments",
                "namespace": "myNamespace",
                "resourceVersion": "996068051",
                "selfLink": "/api/v1/namespaces/myNamespace/configmaps/fabric8-environments",
                "uid": "f808e2e2-1b1e-11e8-ae91-0233cba325d9"
            }
        }
    headers:
      Content-Type:
      - application/json;charset=UTF-8
    status: 200 OK
    code: 200
  # Builds
- request:
    body: ""
    form: {}
    headers:
      Content-Type:
      - application/json
    url: http://api.myCluster/oapi/v1/namespaces/myNamespace/builds?labelSelector=openshift.io%2Fbuild-config.name%3DmyApp%2Cspace%3DmySpace
    method: GET
  response:
    body: |
        {
            "apiVersion": "v1",
            "items": [],
            "kind": "BuildList",
            "metadata": {},
            "resourceVersion": "",
            "selfLink": ""
        }
    headers:
      Content-Type:
      - application/json;charset=UTF-8
    status: 200 OK
    code: 200
  # Deployment Configs
- request:
    body: ""
    form: {}
    headers:
      Content-Type:
      - application/json
    url: http://api.myCluster/oapi/v1/namespaces/my-run/deploymentconfigs/myApp
    method: GET
  response:
    body: |
        {
            "apiVersion": "v1",
            "kind": "DeploymentConfig",
            "metadata": {
                "annotations": {
                    "fabric8.io/git-branch": "myUser/myApp/master-1.0.2",
                    "fabric8.io/git-commit": "55ca6286e3e4f4fba5d0448333fa99fc5a404a73",
                    "fabric8.io/iconUrl": "img/icon.svg",
                    "fabric8.io/metrics-path": "dashboard/file/kubernetes-pods.json/?var-project=myApp\u0026var-version=1.0.2",
                    "fabric8.io/scm-con-url": "scm:git:https://example.com/myApp",
                    "fabric8.io/scm-devcon-url": "scm:git:git:@example.com:myApp",
                    "fabric8.io/scm-tag": "myTag",
                    "fabric8.io/scm-url": "https://example.com/myApp"
                },
                "creationTimestamp": "2018-01-25T16:33:02Z",
                "generation": 3,
                "labels": {
                    "app": "myApp",
                    "group": "myGroup",
                    "provider": "fabric8",
                    "space": "mySpace",
                    "version": "1.0.2"
                },
                "name": "myApp",
                "namespace": "my-run",
                "resourceVersion": "838024578",
                "selfLink": "/oapi/v1/namespaces/my-run/deploymentconfigs/myApp",
                "uid": "8db1c9ba-91b5-46c6-be99-576245f42b3b"
            },
            "spec": {
                "replicas": 2,
                "revisionHistoryLimit": 2,
                "selector": {
                    "app": "myApp",
                    "group": "myGroup",
                    "provider": "fabric8"
                },
                "strategy": {
                    "activeDeadlineSeconds": 21600,
                    "resources": {},
                    "rollingParams": {
                        "intervalSeconds": 1,
                        "maxSurge": "25%",
                        "maxUnavailable": "25%",
                        "timeoutSeconds": 3600,
                        "updatePeriodSeconds": 1
                    },
                    "type": "Rolling"
                },
                "template": {
                    "metadata": {
                        "annotations": {
                            "fabric8.io/git-branch": "myUser/myApp/master-1.0.2",
                            "fabric8.io/git-commit": "55ca6286e3e4f4fba5d0448333fa99fc5a404a73",
                            "fabric8.io/iconUrl": "img/icon.svg",
                            "fabric8.io/metrics-path": "dashboard/file/kubernetes-pods.json/?var-project=myApp\u0026var-version=1.0.2",
                            "fabric8.io/scm-con-url": "scm:git:https://example.com/myApp",
                            "fabric8.io/scm-devcon-url": "scm:git:git:@example.com:myApp",
                            "fabric8.io/scm-tag": "myTag",
                            "fabric8.io/scm-url": "https://example.com/myApp"
                        },
                        "creationTimestamp": null,
                        "labels": {
                            "app": "myApp",
                            "group": "myGroup",
                            "provider": "fabric8",
                            "space": "mySpace",
                            "version": "1.0.2"
                        }
                    },
                    "spec": {
                        "containers": [
                            {
                                "env": [
                                    {
                                        "name": "KUBERNETES_NAMESPACE",
                                        "valueFrom": {
                                            "fieldRef": {
                                                "apiVersion": "v1",
                                                "fieldPath": "metadata.namespace"
                                            }
                                        }
                                    }
                                ],
                                "image": "127.0.0.1:5000/my-run/myApp@sha256:98ea6e4f216f2fb4b69fff9b3a44842c38686ca685f3f55dc48c5d3fb1107be4",
                                "imagePullPolicy": "IfNotPresent",
                                "livenessProbe": {
                                    "failureThreshold": 3,
                                    "httpGet": {
                                        "path": "/",
                                        "port": 8080,
                                        "scheme": "HTTP"
                                    },
                                    "initialDelaySeconds": 180,
                                    "periodSeconds": 10,
                                    "successThreshold": 1,
                                    "timeoutSeconds": 1
                                },
                                "name": "myApp",
                                "ports": [
                                    {
                                        "containerPort": 8080,
                                        "name": "http",
                                        "protocol": "TCP"
                                    },
                                    {
                                        "containerPort": 9779,
                                        "name": "prometheus",
                                        "protocol": "TCP"
                                    },
                                    {
                                        "containerPort": 8778,
                                        "name": "jolokia",
                                        "protocol": "TCP"
                                    }
                                ],
                                "readinessProbe": {
                                    "failureThreshold": 3,
                                    "httpGet": {
                                        "path": "/",
                                        "port": 8080,
                                        "scheme": "HTTP"
                                    },
                                    "initialDelaySeconds": 10,
                                    "periodSeconds": 10,
                                    "successThreshold": 1,
                                    "timeoutSeconds": 1
                                },
                                "resources": {
                                    "limits": {
                                        "memory": "250Mi"
                                    }
                                },
                                "securityContext": {
                                    "privileged": false
                                },
                                "terminationMessagePath": "/dev/termination-log",
                                "terminationMessagePolicy": "File"
                            }
                        ],
                        "dnsPolicy": "ClusterFirst",
                        "restartPolicy": "Always",
                        "schedulerName": "default-scheduler",
                        "securityContext": {},
                        "terminationGracePeriodSeconds": 30
                    }
                },
                "test": false,
                "triggers": [
                    {
                        "type": "ConfigChange"
                    },
                    {
                        "imageChangeParams": {
                            "automatic": true,
                            "containerNames": [
                                "myApp"
                            ],
                            "from": {
                                "kind": "ImageStreamTag",
                                "name": "myApp:1.0.2",
                                "namespace": "my-run"
                            },
                            "lastTriggeredImage": "127.0.0.1:5000/my-run/myApp@sha256:98ea6e4f216f2fb4b69fff9b3a44842c38686ca685f3f55dc48c5d3fb1107be4"
                        },
                        "type": "ImageChange"
                    }
                ]
            },
            "status": {
                "availableReplicas": 2,
                "conditions": [
                    {
                        "lastTransitionTime": "2018-01-25T16:33:06Z",
                        "lastUpdateTime": "2018-01-25T16:33:27Z",
                        "message": "replication controller \"myApp-1\" successfully rolled out",
                        "reason": "NewReplicationControllerAvailable",
                        "status": "True",
                        "type": "Progressing"
                    },
                    {
                        "lastTransitionTime": "2018-01-25T20:40:25Z",
                        "lastUpdateTime": "2018-01-25T20:40:25Z",
                        "message": "Deployment config has minimum availability.",
                        "status": "True",
                        "type": "Available"
                    }
                ],
                "details": {
                    "causes": [
                        {
                            "type": "ConfigChange"
                        }
                    ],
                    "message": "config change"
                },
                "latestVersion": 1,
                "observedGeneration": 3,
                "readyReplicas": 2,
                "replicas": 2,
                "unavailableReplicas": 0,
                "updatedReplicas": 2
            }
        }
    headers:
      Content-Type:
      - application/json;charset=UTF-8
    status: 200 OK
    code: 200
- request:
    body: ""
    form: {}
    headers:
      Content-Type:
      - application/json
    url: http://api.myCluster/oapi/v1/namespaces/my-run/deploymentconfigs/myApp
    method: DELETE
  response:
    body: |
        {
            "apiVersion": "v1",
            "kind": "DeploymentConfig",
            "metadata": {
                "annotations": {
                    "fabric8.io/git-branch": "myUser/myApp/master-1.0.2",
                    "fabric8.io/git-commit": "55ca6286e3e4f4fba5d0448333fa99fc5a404a73",
                    "fabric8.io/iconUrl": "img/icon.svg",
                    "fabric8.io/metrics-path": "dashboard/file/kubernetes-pods.json/?var-project=myApp\u0026var-version=1.0.2",
                    "fabric8.io/scm-con-url": "scm:git:https://example.com/myApp",
                    "fabric8.io/scm-devcon-url": "scm:git:git:@example.com:myApp",
                    "fabric8.io/scm-tag": "myTag",
                    "fabric8.io/scm-url": "https://example.com/myApp"
                },
                "creationTimestamp": "2018-01-25T16:33:02Z",
                "generation": 3,
                "labels": {
                    "app": "myApp",
                    "group": "myGroup",
                    "provider": "fabric8",
                    "space": "mySpace",
                    "version": "1.0.2"
                },
                "name": "myApp",
                "namespace": "my-run",
                "resourceVersion": "838024578",
                "selfLink": "/oapi/v1/namespaces/my-run/deploymentconfigs/myApp",
                "uid": "8db1c9ba-91b5-46c6-be99-576245f42b3b"
            },
            "spec": {
                "replicas": 2,
                "revisionHistoryLimit": 2,
                "selector": {
                    "app": "myApp",
                    "group": "myGroup",
                    "provider": "fabric8"
                },
                "strategy": {
                    "activeDeadlineSeconds": 21600,
                    "resources": {},
                    "rollingParams": {
                        "intervalSeconds": 1,
                        "maxSurge": "25%",
                        "maxUnavailable": "25%",
                        "timeoutSeconds": 3600,
                        "updatePeriodSeconds": 1
                    },
                    "type": "Rolling"
                },
                "template": {
                    "metadata": {
                        "annotations": {
                            "fabric8.io/git-branch": "myUser/myApp/master-1.0.2",
                            "fabric8.io/git-commit": "55ca6286e3e4f4fba5d0448333fa99fc5a404a73",
                            "fabric8.io/iconUrl": "img/icon.svg",
                            "fabric8.io/metrics-path": "dashboard/file/kubernetes-pods.json/?var-project=myApp\u0026var-version=1.0.2",
                            "fabric8.io/scm-con-url": "scm:git:https://example.com/myApp",
                            "fabric8.io/scm-devcon-url": "scm:git:git:@example.com:myApp",
                            "fabric8.io/scm-tag": "myTag",
                            "fabric8.io/scm-url": "https://example.com/myApp"
                        },
                        "creationTimestamp": null,
                        "labels": {
                            "app": "myApp",
                            "group": "myGroup",
                            "provider": "fabric8",
                            "space": "mySpace",
                            "version": "1.0.2"
                        }
                    },
                    "spec": {
                        "containers": [
                            {
                                "env": [
                                    {
                                        "name": "KUBERNETES_NAMESPACE",
                                        "valueFrom": {
                                            "fieldRef": {
                                                "apiVersion": "v1",
                                                "fieldPath": "metadata.namespace"
                                            }
                                        }
                                    }
                                ],
                                "image": "127.0.0.1:5000/my-run/myApp@sha256:98ea6e4f216f2fb4b69fff9b3a44842c38686ca685f3f55dc48c5d3fb1107be4",
                                "imagePullPolicy": "IfNotPresent",
                                "livenessProbe": {
                                    "failureThreshold": 3,
                                    "httpGet": {
                                        "path": "/",
                                        "port": 8080,
                                        "scheme": "HTTP"
                                    },
                                    "initialDelaySeconds": 180,
                                    "periodSeconds": 10,
                                    "successThreshold": 1,
                                    "timeoutSeconds": 1
                                },
                                "name": "myApp",
                                "ports": [
                                    {
                                        "containerPort": 8080,
                                        "name": "http",
                                        "protocol": "TCP"
                                    },
                                    {
                                        "containerPort": 9779,
                                        "name": "prometheus",
                                        "protocol": "TCP"
                                    },
                                    {
                                        "containerPort": 8778,
                                        "name": "jolokia",
                                        "protocol": "TCP"
                                    }
                                ],
                                "readinessProbe": {
                                    "failureThreshold": 3,
                                    "httpGet": {
                                        "path": "/",
                                        "port": 8080,
                                        "scheme": "HTTP"
                                    },
                                    "initialDelaySeconds": 10,
                                    "periodSeconds": 10,
                                    "successThreshold": 1,
                                    "timeoutSeconds": 1
                                },
                                "resources": {
                                    "limits": {
                                        "memory": "250Mi"
                                    }
                                },
                                "securityContext": {
                                    "privileged": false
                                },
                                "terminationMessagePath": "/dev/termination-log",
                                "terminationMessagePolicy": "File"
                            }
                        ],
                        "dnsPolicy": "ClusterFirst",
                        "restartPolicy": "Always",
                        "schedulerName": "default-scheduler",
                        "securityContext": {},
                        "terminationGracePeriodSeconds": 30
                    }
                },
                "test": false,
                "triggers": [
                    {
                        "type": "ConfigChange"
                    },
                    {
                        "imageChangeParams": {
                            "automatic": true,
                            "containerNames": [
                                "myApp"
                            ],
                            "from": {
                                "kind": "ImageStreamTag",
                                "name": "myApp:1.0.2",
                                "namespace": "my-run"
                            },
                            "lastTriggeredImage": "127.0.0.1:5000/my-run/myApp@sha256:98ea6e4f216f2fb4b69fff9b3a44842c38686ca685f3f55dc48c5d3fb1107be4"
                        },
                        "type": "ImageChange"
                    }
                ]
            },
            "status": {
                "availableReplicas": 2,
                "conditions": [
                    {
                        "lastTransitionTime": "2018-01-25T16:33:06Z",
                        "lastUpdateTime": "2018-01-25T16:33:27Z",
                        "message": "replication controller \"myApp-1\" successfully rolled out",
                        "reason": "NewReplicationControllerAvailable",
                        "status": "True",
                        "type": "Progressing"
                    },
                    {
                        "lastTransitionTime": "2018-01-25T20:40:25Z",
                        "lastUpdateTime": "2018-01-25T20:40:25Z",
                        "message": "Deployment config has minimum availability.",
                        "status": "True",
                        "type": "Available"
                    }
                ],
                "details": {
                    "causes": [
                        {
                            "type": "ConfigChange"
                        }
                    ],
                    "message": "config change"
                },
                "latestVersion": 1,
                "observedGeneration": 3,
                "readyReplicas": 2,
                "replicas": 2,
                "unavailableReplicas": 0,
                "updatedReplicas": 2
            }
        }
    headers:
      Content-Type:
      - application/json;charset=UTF-8
    status: 200 OK
    code: 200
  # Routes
- request:
    body: ""
    form: {}
    headers:
      Content-Type:
      - application/json
    url: http://api.myCluster/oapi/v1/namespaces/my-run/routes?labelSelector=app%3DmyApp
    method: GET
  response:
    body: |
        {
            "apiVersion": "v1",
            "items": [
                {
                    "apiVersion": "v1",
                    "kind": "Route",
                    "metadata": {
                        "annotations": {
                            "openshift.io/host.generated": "true"
                        },
                        "creationTimestamp": "2018-01-25T16:33:08Z",
                        "labels": {
                            "app": "myApp",
                            "group": "myGroup",
                            "provider": "fabric8",
                            "version": "1.0.2"
                        },
                        "name": "myApp",
                        "namespace": "my-run",
                        "resourceVersion": "837362360",
                        "selfLink": "/oapi/v1/namespaces/my-run/routes/myApp",
                        "uid": "d727601d-8c5a-4271-bd1b-90929461c947"
                    },
                    "spec": {
                        "host": "myApp-my-run.example.com",
                        "port": {
                            "targetPort": 8080
                        },
                        "to": {
                            "kind": "Service",
                            "name": "myApp",
                            "weight": 100
                        },
                        "wildcardPolicy": "None"
                    },
                    "status": {
                        "ingress": [
                            {
                                "conditions": [
                                    {
                                        "lastTransitionTime": "2018-01-25T16:33:09Z",
                                        "status": "True",
                                        "type": "Admitted"
                                    }
                                ],
                                "host": "myApp-my-run.example.com",
                                "routerCanonicalHostname": "router.example.com",
                                "routerName": "router",
                                "wildcardPolicy": "None"
                            }
                        ]
                    }
                }
            ],
            "kind": "RouteList",
            "metadata": {},
            "resourceVersion": "",
            "selfLink": ""
        }
    headers:
      Content-Type:
      - application/json;charset=UTF-8
    status: 200 OK
    code: 200
- request:
    body: ""
    form: {}
    headers:
      Content-Type:
      - application/json
    url: http://api.myCluster/oapi/v1/namespaces/my-run/routes/myApp
    method: DELETE
  response:
    body: |
        {
            "apiVersion": "v1",
            "items": [
                {
                    "apiVersion": "v1",
                    "kind": "Route",
                    "metadata": {
                        "annotations": {
                            "openshift.io/host.generated": "true"
                        },
                        "creationTimestamp": "2018-01-25T16:33:08Z",
                        "labels": {
                            "app": "myApp",
                            "group": "myGroup",
                            "provider": "fabric8",
                            "version": "1.0.2"
                        },
                        "name": "myApp",
                        "namespace": "my-run",
                        "resourceVersion": "837362360",
                        "selfLink": "/oapi/v1/namespaces/my-run/routes/myApp",
                        "uid": "d727601d-8c5a-4271-bd1b-90929461c947"
                    },
                    "spec": {
                        "host": "myApp-my-run.example.com",
                        "port": {
                            "targetPort": 8080
                        },
                        "to": {
                            "kind": "Service",
                            "name": "myApp",
                            "weight": 100
                        },
                        "wildcardPolicy": "None"
                    },
                    "status": {
                        "ingress": [
                            {
                                "conditions": [
                                    {
                                        "lastTransitionTime": "2018-01-25T16:33:09Z",
                                        "status": "True",
                                        "type": "Admitted"
                                    }
                                ],
                                "host": "myApp-my-run.example.com",
                                "routerCanonicalHostname": "router.example.com",
                                "routerName": "router",
                                "wildcardPolicy": "None"
                            }
                        ]
                    }
                }
            ],
            "kind": "RouteList",
            "metadata": {},
            "resourceVersion": "",
            "selfLink": ""
        }
    headers:
      Content-Type:
      - application/json;charset=UTF-8
    status: 200 OK
    code: 200
  # Replication Controllers
- request:
    body: ""
    form: {}
    headers:
      Content-Type:
      - application/json
    url: http://api.myCluster/api/v1/namespaces/my-run/replicationcontrollers
    method: GET
  response:
    body: |
        {
            "apiVersion": "v1",
            "items": [
                {
                    "apiVersion": "v1",
                    "kind": "ReplicationController",
                    "metadata": {
                        "annotations": {
                            "openshift.io/deployer-pod.completed-at": "2018-01-25 16:33:26 +0000 UTC",
                            "openshift.io/deployer-pod.created-at": "2018-01-25 16:33:03 +0000 UTC",
                            "openshift.io/deployer-pod.name": "myApp-1-deploy",
                            "openshift.io/deployment-config.latest-version": "1",
                            "openshift.io/deployment-config.name": "myApp",
                            "openshift.io/deployment.phase": "Complete",
                            "openshift.io/deployment.replicas": "1",
                            "openshift.io/deployment.status-reason": "config change",
                            "openshift.io/encoded-deployment-config": "{\"kind\":\"DeploymentConfig\",\"apiVersion\":\"v1\",\"metadata\":{\"name\":\"myApp\",\"namespace\":\"my-run\",\"selfLink\":\"/apis/apps.openshift.io/v1/namespaces/my-run/deploymentconfigs/myApp\",\"uid\":\"8db1c9ba-91b5-46c6-be99-576245f42b3b\",\"resourceVersion\":\"837362058\",\"generation\":2,\"creationTimestamp\":\"2018-01-25T16:33:02Z\",\"labels\":{\"app\":\"myApp\",\"group\":\"myGroup\",\"provider\":\"fabric8\",\"space\":\"mySpace\",\"version\":\"1.0.2\"},\"annotations\":{\"fabric8.io/git-branch\":\"myUser/myApp/master-1.0.2\",\"fabric8.io/git-commit\":\"55ca6286e3e4f4fba5d0448333fa99fc5a404a73\",\"fabric8.io/iconUrl\":\"img/icon.svg\",\"fabric8.io/metrics-path\":\"dashboard/file/kubernetes-pods.json/?var-project=myApp\\u0026var-version=1.0.2\",\"fabric8.io/scm-con-url\":\"scm:git:https://example.com/myApp\",\"fabric8.io/scm-devcon-url\":\"scm:git:git:@example.com/myApp\",\"fabric8.io/scm-tag\":\"myTag\",\"fabric8.io/scm-url\":\"https://example.com/myApp\"}},\"spec\":{\"strategy\":{\"type\":\"Rolling\",\"rollingParams\":{\"updatePeriodSeconds\":1,\"intervalSeconds\":1,\"timeoutSeconds\":3600,\"maxUnavailable\":\"25%\",\"maxSurge\":\"25%\"},\"resources\":{},\"activeDeadlineSeconds\":21600},\"triggers\":[{\"type\":\"ConfigChange\"},{\"type\":\"ImageChange\",\"imageChangeParams\":{\"automatic\":true,\"containerNames\":[\"myApp\"],\"from\":{\"kind\":\"ImageStreamTag\",\"namespace\":\"my-run\",\"name\":\"myApp:1.0.2\"},\"lastTriggeredImage\":\"127.0.0.1:5000/my-run/myApp@sha256:98ea6e4f216f2fb4b69fff9b3a44842c38686ca685f3f55dc48c5d3fb1107be4\"}}],\"replicas\":1,\"revisionHistoryLimit\":2,\"test\":false,\"selector\":{\"app\":\"myApp\",\"group\":\"myGroup\",\"provider\":\"fabric8\"},\"template\":{\"metadata\":{\"creationTimestamp\":null,\"labels\":{\"app\":\"myApp\",\"group\":\"myGroup\",\"provider\":\"fabric8\",\"space\":\"mySpace\",\"version\":\"1.0.2\"},\"annotations\":{\"fabric8.io/git-branch\":\"myUser/myApp/master-1.0.2\",\"fabric8.io/git-commit\":\"55ca6286e3e4f4fba5d0448333fa99fc5a404a73\",\"fabric8.io/iconUrl\":\"img/icon.svg\",\"fabric8.io/metrics-path\":\"dashboard/file/kubernetes-pods.json/?var-project=myApp\\u0026var-version=1.0.2\",\"fabric8.io/scm-con-url\":\"scm:git:https://example.com/myApp\",\"fabric8.io/scm-devcon-url\":\"scm:git:git:@example.com/myApp\",\"fabric8.io/scm-tag\":\"myTag\",\"fabric8.io/scm-url\":\"https://example.com/myApp\"}},\"spec\":{\"containers\":[{\"name\":\"myApp\",\"image\":\"127.0.0.1:5000/my-run/myApp@sha256:98ea6e4f216f2fb4b69fff9b3a44842c38686ca685f3f55dc48c5d3fb1107be4\",\"ports\":[{\"name\":\"http\",\"containerPort\":8080,\"protocol\":\"TCP\"},{\"name\":\"prometheus\",\"containerPort\":9779,\"protocol\":\"TCP\"},{\"name\":\"jolokia\",\"containerPort\":8778,\"protocol\":\"TCP\"}],\"env\":[{\"name\":\"KUBERNETES_NAMESPACE\",\"valueFrom\":{\"fieldRef\":{\"apiVersion\":\"v1\",\"fieldPath\":\"metadata.namespace\"}}}],\"resources\":{\"limits\":{\"memory\":\"250Mi\"}},\"livenessProbe\":{\"httpGet\":{\"path\":\"/\",\"port\":8080,\"scheme\":\"HTTP\"},\"initialDelaySeconds\":180,\"timeoutSeconds\":1,\"periodSeconds\":10,\"successThreshold\":1,\"failureThreshold\":3},\"readinessProbe\":{\"httpGet\":{\"path\":\"/\",\"port\":8080,\"scheme\":\"HTTP\"},\"initialDelaySeconds\":10,\"timeoutSeconds\":1,\"periodSeconds\":10,\"successThreshold\":1,\"failureThreshold\":3},\"terminationMessagePath\":\"/dev/termination-log\",\"terminationMessagePolicy\":\"File\",\"imagePullPolicy\":\"IfNotPresent\",\"securityContext\":{\"privileged\":false}}],\"restartPolicy\":\"Always\",\"terminationGracePeriodSeconds\":30,\"dnsPolicy\":\"ClusterFirst\",\"securityContext\":{},\"schedulerName\":\"default-scheduler\"}}},\"status\":{\"latestVersion\":1,\"observedGeneration\":2,\"replicas\":0,\"updatedReplicas\":0,\"availableReplicas\":0,\"unavailableReplicas\":0,\"details\":{\"message\":\"config change\",\"causes\":[{\"type\":\"ConfigChange\"}]},\"conditions\":[{\"type\":\"Available\",\"status\":\"False\",\"lastUpdateTime\":\"2018-01-25T16:33:02Z\",\"lastTransitionTime\":\"2018-01-25T16:33:02Z\",\"message\":\"Deployment config does not have minimum availability.\"}]}}\n"
                        },
                        "creationTimestamp": "2018-01-25T16:33:03Z",
                        "generation": 3,
                        "labels": {
                            "app": "myApp",
                            "group": "myGroup",
                            "openshift.io/deployment-config.name": "myApp",
                            "provider": "fabric8",
                            "space": "mySpace",
                            "version": "1.0.2"
                        },
                        "name": "myApp-1",
                        "namespace": "my-run",
                        "ownerReferences": [
                            {
                                "apiVersion": "apps.openshift.io/v1",
                                "blockOwnerDeletion": true,
                                "controller": true,
                                "kind": "DeploymentConfig",
                                "name": "myApp",
                                "uid": "8db1c9ba-91b5-46c6-be99-576245f42b3b"
                            }
                        ],
                        "resourceVersion": "838024576",
                        "selfLink": "/api/v1/namespaces/my-run/replicationcontrollers/myApp-1",
                        "uid": "b780baac-ca27-4742-8649-e7af7b46fbb8"
                    },
                    "spec": {
                        "replicas": 2,
                        "selector": {
                            "app": "myApp",
                            "deployment": "myApp-1",
                            "deploymentconfig": "myApp",
                            "group": "myGroup",
                            "provider": "fabric8"
                        },
                        "template": {
                            "metadata": {
                                "annotations": {
                                    "fabric8.io/git-branch": "myUser/myApp/master-1.0.2",
                                    "fabric8.io/git-commit": "55ca6286e3e4f4fba5d0448333fa99fc5a404a73",
                                    "fabric8.io/iconUrl": "img/icon.svg",
                                    "fabric8.io/metrics-path": "dashboard/file/kubernetes-pods.json/?var-project=myApp\u0026var-version=1.0.2",
                                    "fabric8.io/scm-con-url": "scm:git:https://example.com/myApp",
                                    "fabric8.io/scm-devcon-url": "scm:git:git:@example.com/myApp",
                                    "fabric8.io/scm-tag": "myTag",
                                    "fabric8.io/scm-url": "https://example.com/myApp",
                                    "openshift.io/deployment-config.latest-version": "1",
                                    "openshift.io/deployment-config.name": "myApp",
                                    "openshift.io/deployment.name": "myApp-1"
                                },
                                "creationTimestamp": null,
                                "labels": {
                                    "app": "myApp",
                                    "deployment": "myApp-1",
                                    "deploymentconfig": "myApp",
                                    "group": "myGroup",
                                    "provider": "fabric8",
                                    "space": "mySpace",
                                    "version": "1.0.2"
                                }
                            },
                            "spec": {
                                "containers": [
                                    {
                                        "env": [
                                            {
                                                "name": "KUBERNETES_NAMESPACE",
                                                "valueFrom": {
                                                    "fieldRef": {
                                                        "apiVersion": "v1",
                                                        "fieldPath": "metadata.namespace"
                                                    }
                                                }
                                            }
                                        ],
                                        "image": "127.0.0.1:5000/my-run/myApp@sha256:98ea6e4f216f2fb4b69fff9b3a44842c38686ca685f3f55dc48c5d3fb1107be4",
                                        "imagePullPolicy": "IfNotPresent",
                                        "livenessProbe": {
                                            "failureThreshold": 3,
                                            "httpGet": {
                                                "path": "/",
                                                "port": 8080,
                                                "scheme": "HTTP"
                                            },
                                            "initialDelaySeconds": 180,
                                            "periodSeconds": 10,
                                            "successThreshold": 1,
                                            "timeoutSeconds": 1
                                        },
                                        "name": "myApp",
                                        "ports": [
                                            {
                                                "containerPort": 8080,
                                                "name": "http",
                                                "protocol": "TCP"
                                            },
                                            {
                                                "containerPort": 9779,
                                                "name": "prometheus",
                                                "protocol": "TCP"
                                            },
                                            {
                                                "containerPort": 8778,
                                                "name": "jolokia",
                                                "protocol": "TCP"
                                            }
                                        ],
                                        "readinessProbe": {
                                            "failureThreshold": 3,
                                            "httpGet": {
                                                "path": "/",
                                                "port": 8080,
                                                "scheme": "HTTP"
                                            },
                                            "initialDelaySeconds": 10,
                                            "periodSeconds": 10,
                                            "successThreshold": 1,
                                            "timeoutSeconds": 1
                                        },
                                        "resources": {
                                            "limits": {
                                                "memory": "250Mi"
                                            }
                                        },
                                        "securityContext": {
                                            "privileged": false
                                        },
                                        "terminationMessagePath": "/dev/termination-log",
                                        "terminationMessagePolicy": "File"
                                    }
                                ],
                                "dnsPolicy": "ClusterFirst",
                                "restartPolicy": "Always",
                                "schedulerName": "default-scheduler",
                                "securityContext": {},
                                "terminationGracePeriodSeconds": 30
                            }
                        }
                    },
                    "status": {
                        "availableReplicas": 2,
                        "fullyLabeledReplicas": 2,
                        "observedGeneration": 3,
                        "readyReplicas": 2,
                        "replicas": 2
                    }
                }
            ],
            "kind": "ReplicationControllerList",
            "metadata": {},
            "resourceVersion": "",
            "selfLink": ""
        }
    headers:
      Content-Type:
      - application/json;charset=UTF-8
    status: 200 OK
    code: 200
  # Pods
- request:
    body: ""
    form: {}
    headers:
      Content-Type:
      - application/json
    url: http://api.myCluster/api/v1/namespaces/my-run/pods
    method: GET
  response:
    body: |
        {
            "apiVersion": "v1",
            "items": [
                {
                    "apiVersion": "v1",
                    "kind": "Pod",
                    "metadata": {
                        "annotations": {
                            "fabric8.io/git-branch": "myUser/myApp/master-1.0.2",
                            "fabric8.io/git-commit": "55ca6286e3e4f4fba5d0448333fa99fc5a404a73",
                            "fabric8.io/iconUrl": "img/icon.svg",
                            "fabric8.io/metrics-path": "dashboard/file/kubernetes-pods.json/?var-project=myApp\u0026var-version=1.0.2",
                            "fabric8.io/scm-con-url": "scm:git:https://example.com/myApp",
                            "fabric8.io/scm-devcon-url": "scm:git:git:@example.com/myApp",
                            "fabric8.io/scm-tag": "myTag",
                            "fabric8.io/scm-url": "https://example.com/myApp",
                            "kubernetes.io/created-by": "{\"kind\":\"SerializedReference\",\"apiVersion\":\"v1\",\"reference\":{\"kind\":\"ReplicationController\",\"namespace\":\"my-run\",\"name\":\"myApp-1\",\"uid\":\"b780baac-ca27-4742-8649-e7af7b46fbb8\",\"apiVersion\":\"v1\",\"resourceVersion\":\"838023666\"}}\n",
                            "kubernetes.io/limit-ranger": "LimitRanger plugin set: cpu request for container myApp; cpu limit for container myApp",
                            "openshift.io/deployment-config.latest-version": "1",
                            "openshift.io/deployment-config.name": "myApp",
                            "openshift.io/deployment.name": "myApp-1",
                            "openshift.io/scc": "restricted"
                        },
                        "creationTimestamp": "2018-01-25T20:40:05Z",
                        "generateName": "myApp-1-",
                        "labels": {
                            "app": "myApp",
                            "deployment": "myApp-1",
                            "deploymentconfig": "myApp",
                            "group": "myGroup",
                            "provider": "fabric8",
                            "space": "myspace",
                            "version": "1.0.2"
                        },
                        "name": "myApp-1-nfs9w",
                        "namespace": "my-run",
                        "ownerReferences": [
                            {
                                "apiVersion": "v1",
                                "blockOwnerDeletion": true,
                                "controller": true,
                                "kind": "ReplicationController",
                                "name": "myApp-1",
                                "uid": "b780baac-ca27-4742-8649-e7af7b46fbb8"
                            }
                        ],
                        "resourceVersion": "838024574",
                        "selfLink": "/api/v1/namespaces/my-run/pods/myApp-1-nfs9w",
                        "uid": "f04e8f3b-5c4a-4ffd-94ec-0e8bcbc7b468"
                    },
                    "spec": {
                        "containers": [
                            {
                                "env": [
                                    {
                                        "name": "KUBERNETES_NAMESPACE",
                                        "valueFrom": {
                                            "fieldRef": {
                                                "apiVersion": "v1",
                                                "fieldPath": "metadata.namespace"
                                            }
                                        }
                                    }
                                ],
                                "image": "127.0.0.1:5000/my-run/myApp@sha256:98ea6e4f216f2fb4b69fff9b3a44842c38686ca685f3f55dc48c5d3fb1107be4",
                                "imagePullPolicy": "Always",
                                "livenessProbe": {
                                    "failureThreshold": 3,
                                    "httpGet": {
                                        "path": "/",
                                        "port": 8080,
                                        "scheme": "HTTP"
                                    },
                                    "initialDelaySeconds": 180,
                                    "periodSeconds": 10,
                                    "successThreshold": 1,
                                    "timeoutSeconds": 1
                                },
                                "name": "myApp",
                                "ports": [
                                    {
                                        "containerPort": 8080,
                                        "name": "http",
                                        "protocol": "TCP"
                                    },
                                    {
                                        "containerPort": 9779,
                                        "name": "prometheus",
                                        "protocol": "TCP"
                                    },
                                    {
                                        "containerPort": 8778,
                                        "name": "jolokia",
                                        "protocol": "TCP"
                                    }
                                ],
                                "readinessProbe": {
                                    "failureThreshold": 3,
                                    "httpGet": {
                                        "path": "/",
                                        "port": 8080,
                                        "scheme": "HTTP"
                                    },
                                    "initialDelaySeconds": 10,
                                    "periodSeconds": 10,
                                    "successThreshold": 1,
                                    "timeoutSeconds": 1
                                },
                                "resources": {
                                    "limits": {
                                        "cpu": "488m",
                                        "memory": "250Mi"
                                    },
                                    "requests": {
                                        "cpu": "29m",
                                        "memory": "150Mi"
                                    }
                                },
                                "securityContext": {
                                    "capabilities": {
                                        "drop": [
                                            "KILL",
                                            "MKNOD",
                                            "NET_RAW",
                                            "SETGID",
                                            "SETUID"
                                        ]
                                    },
                                    "privileged": false,
                                    "runAsUser": 123456,
                                    "seLinuxOptions": {
                                        "level": "s0:c123,c456"
                                    }
                                },
                                "terminationMessagePath": "/dev/termination-log",
                                "terminationMessagePolicy": "File",
                                "volumeMounts": [
                                    {
                                        "mountPath": "/var/run/secrets/kubernetes.io/serviceaccount",
                                        "name": "default-token-jzp5t",
                                        "readOnly": true
                                    }
                                ]
                            }
                        ],
                        "dnsPolicy": "ClusterFirst",
                        "imagePullSecrets": [
                            {
                                "name": "default-dockercfg-k77kj"
                            }
                        ],
                        "nodeName": "my.node",
                        "nodeSelector": {
                            "type": "compute"
                        },
                        "restartPolicy": "Always",
                        "schedulerName": "default-scheduler",
                        "securityContext": {
                            "fsGroup": 123456,
                            "seLinuxOptions": {
                                "level": "s0:c123,c456"
                            }
                        },
                        "serviceAccount": "default",
                        "serviceAccountName": "default",
                        "terminationGracePeriodSeconds": 30,
                        "volumes": [
                            {
                                "name": "default-token-jzp5t",
                                "secret": {
                                    "defaultMode": 420,
                                    "secretName": "default-token-jzp5t"
                                }
                            }
                        ]
                    },
                    "status": {
                        "conditions": [
                            {
                                "lastProbeTime": null,
                                "lastTransitionTime": "2018-01-25T20:40:05Z",
                                "status": "True",
                                "type": "Initialized"
                            },
                            {
                                "lastProbeTime": null,
                                "lastTransitionTime": "2018-01-25T20:40:25Z",
                                "status": "True",
                                "type": "Ready"
                            },
                            {
                                "lastProbeTime": null,
                                "lastTransitionTime": "2018-01-25T20:40:05Z",
                                "status": "True",
                                "type": "PodScheduled"
                            }
                        ],
                        "containerStatuses": [
                            {
                                "containerID": "docker://f425202d2f8e1758bd3e5fb681afeab5f4fdd4da93e57a0ea3b6819e40d6d39c",
                                "image": "127.0.0.1:5000/my-run/myApp@sha256:98ea6e4f216f2fb4b69fff9b3a44842c38686ca685f3f55dc48c5d3fb1107be4",
                                "imageID": "docker-pullable://127.0.0.1:5000/my-run/myApp@sha256:98ea6e4f216f2fb4b69fff9b3a44842c38686ca685f3f55dc48c5d3fb1107be4",
                                "lastState": {},
                                "name": "myApp",
                                "ready": true,
                                "restartCount": 0,
                                "state": {
                                    "running": {
                                        "startedAt": "2018-01-25T20:40:07Z"
                                    }
                                }
                            }
                        ],
                        "hostIP": "127.0.0.4",
                        "phase": "Running",
                        "podIP": "127.0.0.5",
                        "qosClass": "Burstable",
                        "startTime": "2018-01-25T20:40:05Z"
                    }
                },
                {
                    "apiVersion": "v1",
                    "kind": "Pod",
                    "metadata": {
                        "annotations": {
                            "fabric8.io/git-branch": "myUser/myApp/master-1.0.2",
                            "fabric8.io/git-commit": "55ca6286e3e4f4fba5d0448333fa99fc5a404a73",
                            "fabric8.io/iconUrl": "img/icon.svg",
                            "fabric8.io/metrics-path": "dashboard/file/kubernetes-pods.json/?var-project=myApp\u0026var-version=1.0.2",
                            "fabric8.io/scm-con-url": "scm:git:https://example.com/myApp",
                            "fabric8.io/scm-devcon-url": "scm:git:git:@example.com/myApp",
                            "fabric8.io/scm-tag": "myTag",
                            "fabric8.io/scm-url": "https://example.com/myApp",
                            "kubernetes.io/created-by": "{\"kind\":\"SerializedReference\",\"apiVersion\":\"v1\",\"reference\":{\"kind\":\"ReplicationController\",\"namespace\":\"my-run\",\"name\":\"myApp-1\",\"uid\":\"b780baac-ca27-4742-8649-e7af7b46fbb8\",\"apiVersion\":\"v1\",\"resourceVersion\":\"837362212\"}}\n",
                            "kubernetes.io/limit-ranger": "LimitRanger plugin set: cpu request for container myApp; cpu limit for container myApp",
                            "openshift.io/deployment-config.latest-version": "1",
                            "openshift.io/deployment-config.name": "myApp",
                            "openshift.io/deployment.name": "myApp-1",
                            "openshift.io/scc": "restricted"
                        },
                        "creationTimestamp": "2018-01-25T16:33:06Z",
                        "generateName": "myApp-1-",
                        "labels": {
                            "app": "myApp",
                            "deployment": "myApp-1",
                            "deploymentconfig": "myApp",
                            "group": "myGroup",
                            "provider": "fabric8",
                            "space": "myspace",
                            "version": "1.0.2"
                        },
                        "name": "myApp-1-sdmzq",
                        "namespace": "my-run",
                        "ownerReferences": [
                            {
                                "apiVersion": "v1",
                                "blockOwnerDeletion": true,
                                "controller": true,
                                "kind": "ReplicationController",
                                "name": "myApp-1",
                                "uid": "b780baac-ca27-4742-8649-e7af7b46fbb8"
                            }
                        ],
                        "resourceVersion": "837363149",
                        "selfLink": "/api/v1/namespaces/my-run/pods/myApp-1-sdmzq",
                        "uid": "447b7d6f-7072-4e9a-8cba-7e29c2f53761"
                    },
                    "spec": {
                        "containers": [
                            {
                                "env": [
                                    {
                                        "name": "KUBERNETES_NAMESPACE",
                                        "valueFrom": {
                                            "fieldRef": {
                                                "apiVersion": "v1",
                                                "fieldPath": "metadata.namespace"
                                            }
                                        }
                                    }
                                ],
                                "image": "127.0.0.1:5000/my-run/myApp@sha256:98ea6e4f216f2fb4b69fff9b3a44842c38686ca685f3f55dc48c5d3fb1107be4",
                                "imagePullPolicy": "Always",
                                "livenessProbe": {
                                    "failureThreshold": 3,
                                    "httpGet": {
                                        "path": "/",
                                        "port": 8080,
                                        "scheme": "HTTP"
                                    },
                                    "initialDelaySeconds": 180,
                                    "periodSeconds": 10,
                                    "successThreshold": 1,
                                    "timeoutSeconds": 1
                                },
                                "name": "myApp",
                                "ports": [
                                    {
                                        "containerPort": 8080,
                                        "name": "http",
                                        "protocol": "TCP"
                                    },
                                    {
                                        "containerPort": 9779,
                                        "name": "prometheus",
                                        "protocol": "TCP"
                                    },
                                    {
                                        "containerPort": 8778,
                                        "name": "jolokia",
                                        "protocol": "TCP"
                                    }
                                ],
                                "readinessProbe": {
                                    "failureThreshold": 3,
                                    "httpGet": {
                                        "path": "/",
                                        "port": 8080,
                                        "scheme": "HTTP"
                                    },
                                    "initialDelaySeconds": 10,
                                    "periodSeconds": 10,
                                    "successThreshold": 1,
                                    "timeoutSeconds": 1
                                },
                                "resources": {
                                    "limits": {
                                        "cpu": "488m",
                                        "memory": "250Mi"
                                    },
                                    "requests": {
                                        "cpu": "29m",
                                        "memory": "150Mi"
                                    }
                                },
                                "securityContext": {
                                    "capabilities": {
                                        "drop": [
                                            "KILL",
                                            "MKNOD",
                                            "NET_RAW",
                                            "SETGID",
                                            "SETUID"
                                        ]
                                    },
                                    "privileged": false,
                                    "runAsUser": 123456,
                                    "seLinuxOptions": {
                                        "level": "s0:c123,c456"
                                    }
                                },
                                "terminationMessagePath": "/dev/termination-log",
                                "terminationMessagePolicy": "File",
                                "volumeMounts": [
                                    {
                                        "mountPath": "/var/run/secrets/kubernetes.io/serviceaccount",
                                        "name": "default-token-jzp5t",
                                        "readOnly": true
                                    }
                                ]
                            }
                        ],
                        "dnsPolicy": "ClusterFirst",
                        "imagePullSecrets": [
                            {
                                "name": "default-dockercfg-k77kj"
                            }
                        ],
                        "nodeName": "my.node",
                        "nodeSelector": {
                            "type": "compute"
                        },
                        "restartPolicy": "Always",
                        "schedulerName": "default-scheduler",
                        "securityContext": {
                            "fsGroup": 123456,
                            "seLinuxOptions": {
                                "level": "s0:c123,c456"
                            }
                        },
                        "serviceAccount": "default",
                        "serviceAccountName": "default",
                        "terminationGracePeriodSeconds": 30,
                        "volumes": [
                            {
                                "name": "default-token-jzp5t",
                                "secret": {
                                    "defaultMode": 420,
                                    "secretName": "default-token-jzp5t"
                                }
                            }
                        ]
                    },
                    "status": {
                        "conditions": [
                            {
                                "lastProbeTime": null,
                                "lastTransitionTime": "2018-01-25T16:33:06Z",
                                "status": "True",
                                "type": "Initialized"
                            },
                            {
                                "lastProbeTime": null,
                                "lastTransitionTime": "2018-01-25T16:33:26Z",
                                "status": "True",
                                "type": "Ready"
                            },
                            {
                                "lastProbeTime": null,
                                "lastTransitionTime": "2018-01-25T16:33:06Z",
                                "status": "True",
                                "type": "PodScheduled"
                            }
                        ],
                        "containerStatuses": [
                            {
                                "containerID": "docker://e258d248fda94c63753607f7c4494ee0fcbe92f1a76bfdac795c9d84101eb317",
                                "image": "127.0.0.1:5000/my-run/myApp@sha256:98ea6e4f216f2fb4b69fff9b3a44842c38686ca685f3f55dc48c5d3fb1107be4",
                                "imageID": "docker-pullable://127.0.0.1:5000/my-run/myApp@sha256:98ea6e4f216f2fb4b69fff9b3a44842c38686ca685f3f55dc48c5d3fb1107be4",
                                "lastState": {},
                                "name": "myApp",
                                "ready": true,
                                "restartCount": 0,
                                "state": {
                                    "running": {
                                        "startedAt": "2018-01-25T16:33:08Z"
                                    }
                                }
                            }
                        ],
                        "hostIP": "127.0.0.2",
                        "phase": "Running",
                        "podIP": "127.0.0.3",
                        "qosClass": "Burstable",
                        "startTime": "2018-01-25T16:33:06Z"
                    }
                }
            ],
            "kind": "PodList",
            "metadata": {},
            "resourceVersion": "",
            "selfLink": ""
        }
    headers:
      Content-Type:
      - application/json;charset=UTF-8
    status: 200 OK
    code: 200
  # Services
- request:
    body: ""
    form: {}
    headers:
      Content-Type:
      - application/json
    url: http://api.myCluster/api/v1/namespaces/my-run/services?labelSelector=app%3DmyApp
    method: GET
  response:
    body: |
        {
            "apiVersion": "v1",
            "items": [
                {
                    "apiVersion": "v1",
                    "kind": "Service",
                    "metadata": {
                        "annotations": {
                            "fabric8.io/exposeUrl": "http://myApp-my-run.example.com",
                            "fabric8.io/git-branch": "ebaron/myApp/master-1.0.2",
                            "fabric8.io/git-commit": "55ca6286e3e4f4fba5d0448333fa99fc5a404a73",
                            "fabric8.io/iconUrl": "img/icon.svg",
                            "fabric8.io/scm-con-url": "scm:git:https://example.com/myApp",
                            "fabric8.io/scm-devcon-url": "scm:git:git:@example.com/myApp",
                            "fabric8.io/scm-tag": "myTag",
                            "fabric8.io/scm-url": "https://example.com/myApp",
                            "prometheus.io/port": "9779",
                            "prometheus.io/scrape": "true"
                        },
                        "creationTimestamp": "2018-01-25T16:33:02Z",
                        "labels": {
                            "app": "myApp",
                            "expose": "true",
                            "group": "myGroup",
                            "provider": "fabric8",
                            "space": "mySpace",
                            "version": "1.0.2"
                        },
                        "name": "myApp",
                        "namespace": "my-run",
                        "resourceVersion": "837362353",
                        "selfLink": "/api/v1/namespaces/my-run/services/myApp",
                        "uid": "f4e6e2b2-f86d-4e78-94e5-079bb3f0b05d"
                    },
                    "spec": {
                        "clusterIP": "127.0.0.101",
                        "ports": [
                            {
                                "name": "http",
                                "port": 8080,
                                "protocol": "TCP",
                                "targetPort": 8080
                            }
                        ],
                        "selector": {
                            "app": "myApp",
                            "group": "myGroup",
                            "provider": "fabric8"
                        },
                        "sessionAffinity": "None",
                        "type": "ClusterIP"
                    },
                    "status": {
                        "loadBalancer": {}
                    }
                }
            ],
            "kind": "ServiceList",
            "metadata": {},
            "resourceVersion": "",
            "selfLink": ""
        }
    headers:
      Content-Type:
      - application/json;charset=UTF-8
    status: 200 OK
    code: 200
- request:
    body: ""
    form: {}
    headers:
      Content-Type:
      - application/json
    url: http://api.myCluster/api/v1/namespaces/my-run/services/myApp
    method: DELETE
  response:
    body: |
        {
            "apiVersion": "v1",
            "items": [
                {
                    "apiVersion": "v1",
                    "kind": "Service",
                    "metadata": {
                        "annotations": {
                            "fabric8.io/exposeUrl": "http://myApp-my-run.example.com",
                            "fabric8.io/git-branch": "ebaron/myApp/master-1.0.2",
                            "fabric8.io/git-commit": "55ca6286e3e4f4fba5d0448333fa99fc5a404a73",
                            "fabric8.io/iconUrl": "img/icon.svg",
                            "fabric8.io/scm-con-url": "scm:git:https://example.com/myApp",
                            "fabric8.io/scm-devcon-url": "scm:git:git:@example.com/myApp",
                            "fabric8.io/scm-tag": "myTag",
                            "fabric8.io/scm-url": "https://example.com/myApp",
                            "prometheus.io/port": "9779",
                            "prometheus.io/scrape": "true"
                        },
                        "creationTimestamp": "2018-01-25T16:33:02Z",
                        "labels": {
                            "app": "myApp",
                            "expose": "true",
                            "group": "myGroup",
                            "provider": "fabric8",
                            "space": "mySpace",
                            "version": "1.0.2"
                        },
                        "name": "myApp",
                        "namespace": "my-run",
                        "resourceVersion": "837362353",
                        "selfLink": "/api/v1/namespaces/my-run/services/myApp",
                        "uid": "f4e6e2b2-f86d-4e78-94e5-079bb3f0b05d"
                    },
                    "spec": {
                        "clusterIP": "127.0.0.101",
                        "ports": [
                            {
                                "name": "http",
                                "port": 8080,
                                "protocol": "TCP",
                                "targetPort": 8080
                            }
                        ],
                        "selector": {
                            "app": "myApp",
                            "group": "myGroup",
                            "provider": "fabric8"
                        },
                        "sessionAffinity": "None",
                        "type": "ClusterIP"
                    },
                    "status": {
                        "loadBalancer": {}
                    }
                }
            ],
            "kind": "ServiceList",
            "metadata": {},
            "resourceVersion": "",
            "selfLink": ""
        }
    headers:
      Content-Type:
      - application/json;charset=UTF-8
    status: 200 OK
    code: 200
